../Core/Src/main.c:75:5:_write	24	static
../Core/Src/main.c:81:6:HAL_UART_RxCpltCallback	16	static
../Core/Src/main.c:91:6:HAL_GPIO_EXTI_Callback	16	static
../Core/Src/main.c:100:6:reset_all	8	static
../Core/Src/main.c:112:6:display_init	8	static
../Core/Src/main.c:128:5:main	32	static
../Core/Src/main.c:263:6:SystemClock_Config	96	static
../Core/Src/main.c:313:13:MX_I2C1_Init	8	static
../Core/Src/main.c:361:13:MX_USART2_UART_Init	8	static
../Core/Src/main.c:396:13:MX_GPIO_Init	48	static
../Core/Src/main.c:471:6:Error_Handler	4	static,ignoring_inline_asm
